Release 14.3 - xst P.40xd (nt64)
Copyright (c) 1995-2012 Xilinx, Inc.  All rights reserved.
--> Parameter TMPDIR set to xst/projnav.tmp


Total REAL time to Xst completion: 0.00 secs
Total CPU time to Xst completion: 0.09 secs
 
--> Parameter xsthdpdir set to xst


Total REAL time to Xst completion: 0.00 secs
Total CPU time to Xst completion: 0.09 secs
 
--> Reading design: battleship.prj

TABLE OF CONTENTS
  1) Synthesis Options Summary
  2) HDL Compilation
  3) Design Hierarchy Analysis
  4) HDL Analysis
  5) HDL Synthesis
     5.1) HDL Synthesis Report
  6) Advanced HDL Synthesis
     6.1) Advanced HDL Synthesis Report
  7) Low Level Synthesis
  8) Partition Report
  9) Final Report

=========================================================================
*                      Synthesis Options Summary                        *
=========================================================================
---- Source Parameters
Input File Name                    : "battleship.prj"
Input Format                       : mixed
Ignore Synthesis Constraint File   : NO

---- Target Parameters
Output File Name                   : "battleship"
Output Format                      : NGC
Target Device                      : CoolRunner2 CPLDs

---- Source Options
Top Module Name                    : battleship
Automatic FSM Extraction           : YES
FSM Encoding Algorithm             : Auto
Safe Implementation                : No
Mux Extraction                     : Yes
Resource Sharing                   : YES

---- Target Options
Add IO Buffers                     : YES
MACRO Preserve                     : YES
XOR Preserve                       : YES
Equivalent register Removal        : YES

---- General Options
Optimization Goal                  : Speed
Optimization Effort                : 1
Keep Hierarchy                     : Yes
Netlist Hierarchy                  : As_Optimized
RTL Output                         : Yes
Hierarchy Separator                : /
Bus Delimiter                      : <>
Case Specifier                     : Maintain
Verilog 2001                       : YES

---- Other Options
Clock Enable                       : YES
wysiwyg                            : NO

=========================================================================


=========================================================================
*                          HDL Compilation                              *
=========================================================================
Compiling verilog file "battleship.v" in library work
Compiling verilog include file "decoder.v"
Module <battleship> compiled
ERROR:HDLCompilers:26 - "decoder.v" line 1 expecting 'endmodule', found 'module'
ERROR:HDLCompilers:26 - "battleship.v" line 13 unexpected token: ')'
ERROR:HDLCompilers:26 - "battleship.v" line 14 unexpected token: 'r'
WARNING:HDLCompilers:171 - "battleship.v" line 21 Attribute 'row1' redefined
WARNING:HDLCompilers:171 - "battleship.v" line 21 Attribute 'row2' redefined
ERROR:HDLCompilers:26 - "battleship.v" line 21 unexpected token: 'r'
ERROR:HDLCompilers:26 - "battleship.v" line 50 expecting '*)', found 'EOF'
ERROR:HDLCompilers:26 - "battleship.v" line 50 unexpected token: 'EOF'
Analysis of file <"battleship.prj"> failed.
--> 

Total memory usage is 232588 kilobytes

Number of errors   :    6 (   0 filtered)
Number of warnings :    2 (   0 filtered)
Number of infos    :    0 (   0 filtered)

